###############################################################################
#
# IAR ELF Linker V7.40.2.8542/W32 for ARM                 11/Dec/2015  10:46:17
# Copyright 2007-2015 IAR Systems AB.
#
#    Output file  =  C:\Users\Nbeleski\Desktop\cmsis_rtx\Debug\Exe\c.out
#    Map file     =  C:\Users\Nbeleski\Desktop\cmsis_rtx\Debug\List\c.map
#    Command line =  
#        C:\Users\Nbeleski\Desktop\cmsis_rtx\Debug\Obj\main.o
#        C:\Users\Nbeleski\Desktop\cmsis_rtx\Debug\Obj\misc.o
#        C:\Users\Nbeleski\Desktop\cmsis_rtx\Libraries\CMSIS\RTX\lib\IAR\RTX_CM4.a
#        C:\Users\Nbeleski\Desktop\cmsis_rtx\Debug\Obj\RTX_Conf_CM.o
#        C:\Users\Nbeleski\Desktop\cmsis_rtx\Debug\Obj\startup_stm32f4xx.o
#        C:\Users\Nbeleski\Desktop\cmsis_rtx\Debug\Obj\stm32f4_discovery.o
#        C:\Users\Nbeleski\Desktop\cmsis_rtx\Debug\Obj\stm32f4xx_gpio.o
#        C:\Users\Nbeleski\Desktop\cmsis_rtx\Debug\Obj\stm32f4xx_it.o
#        C:\Users\Nbeleski\Desktop\cmsis_rtx\Debug\Obj\stm32f4xx_rcc.o
#        C:\Users\Nbeleski\Desktop\cmsis_rtx\Debug\Obj\stm32f4xx_usart.o
#        C:\Users\Nbeleski\Desktop\cmsis_rtx\Debug\Obj\system_stm32f4xx.o
#        C:\Users\Nbeleski\Desktop\cmsis_rtx\Debug\Obj\usart.o -o
#        C:\Users\Nbeleski\Desktop\cmsis_rtx\Debug\Exe\c.out --map
#        C:\Users\Nbeleski\Desktop\cmsis_rtx\Debug\List\c.map --config
#        C:\Users\Nbeleski\Desktop\cmsis_rtx\cmsis_rtx.icf --semihosting
#        --entry __iar_program_start --vfe
#
###############################################################################

*******************************************************************************
*** RUNTIME MODEL ATTRIBUTES
***

CppFlavor       = *
__Heap_Handler  = Basic
__SystemLibrary = DLib


*******************************************************************************
*** PLACEMENT SUMMARY
***

"A1":  place at 0x08000000 { ro section .intvec };
"P1":  place in [from 0x08000000 to 0x080fffff] { ro };
"P2":  place in [from 0x20000000 to 0x2001ffff] { rw, block CSTACK, block HEAP };

  Section             Kind        Address    Size  Object
  -------             ----        -------    ----  ------
"A1":                                       0x188
  .intvec             ro code  0x08000000   0x188  startup_stm32f4xx.o [1]
                             - 0x08000188   0x188

"P1":                                      0x2ec0
  .text               ro code  0x08000188   0xb7e  main.o [1]
  .text               ro code  0x08000d06    0x22  zero_init3.o [6]
  .text               ro code  0x08000d28   0x638  rt_CMSIS.o [3]
  .text               ro code  0x08001360    0x80  xxmemxfree.o [4]
  .text               ro code  0x080013e0    0xb0  xxmemxmalloc.o [4]
  .text               ro code  0x08001490     0x8  atoi.o [4]
  .text               ro code  0x08001498    0xc6  usart.o [1]
  .rodata             const    0x0800155e     0x2  RTX_Conf_CM.o [1]
  .text               ro code  0x08001560   0x13c  stm32f4xx_rcc.o [1]
  .text               ro code  0x0800169c    0x50  stm32f4_discovery.o [1]
  .text               ro code  0x080016ec    0x88  rt_Memory.o [3]
  .text               ro code  0x08001774   0x3a4  rt_Task.o [3]
  .text               ro code  0x08001b18     0x6  rt_Time.o [3]
  .rodata             const    0x08001b1e     0x2  RTX_Conf_CM.o [1]
  .text               ro code  0x08001b20   0x280  rt_Mailbox.o [3]
  .text               ro code  0x08001da0    0x90  rt_MemBox.o [3]
  .text               ro code  0x08001e30    0x2c  xgetmemchunk.o [4]
  .text               ro code  0x08001e5c   0x19c  xstoul.o [4]
  .text               ro code  0x08001ff8    0xf4  stm32f4xx_gpio.o [1]
  .text               ro code  0x080020ec   0x1de  stm32f4xx_usart.o [1]
  .rodata             const    0x080022ca     0x2  RTX_Conf_CM.o [1]
  .text               ro code  0x080022cc    0x7c  misc.o [1]
  .text               ro code  0x08002348    0xd8  HAL_CM.o [3]
  .text               ro code  0x08002420   0x1f4  rt_List.o [3]
  .text               ro code  0x08002614   0x17c  HAL_CM4.o [3]
  .text               ro code  0x08002790   0x11c  rt_System.o [3]
  .text               ro code  0x080028ac    0x5c  rt_Robin.o [3]
  .text               ro code  0x08002908    0x2c  RTX_Conf_CM.o [1]
  .text               ro code  0x08002934    0x58  memchr.o [6]
  .text               ro code  0x0800298c     0xc  errno.o [4]
  .text               ro code  0x08002998     0x6  ABImemclr4.o [6]
  .rodata             const    0x0800299e     0x1  RTX_Conf_CM.o [1]
  .rodata             const    0x0800299f     0x1  RTX_Conf_CM.o [1]
  .text               ro code  0x080029a0    0x58  rt_Event.o [3]
  .text               ro code  0x080029f8    0x34  rt_Semaphore.o [3]
  .text               ro code  0x08002a2c     0x4  low_level_init.o [4]
  .text               ro code  0x08002a30    0x28  data_init.o [6]
  .text               ro code  0x08002a58     0x4  exit.o [4]
  .text               ro code  0x08002a5c     0x2  xtls.o [4]
  .text               ro code  0x08002a60    0x32  ABImemset48.o [6]
  .text               ro code  0x08002a94     0xa  cexit.o [6]
  .text               ro code  0x08002aa0    0x14  exit.o [7]
  .text               ro code  0x08002ab4   0x150  stm32f4xx_it.o [1]
  .text               ro code  0x08002c04   0x150  system_stm32f4xx.o [1]
  .text               ro code  0x08002d54    0x2c  copy_init3.o [6]
  .text               ro code  0x08002d80    0x22  fpinit_M.o [5]
  .iar.init_table     const    0x08002da4    0x24  - Linker created -
  .rodata             const    0x08002dc8    0x10  main.o [1]
  .rodata             const    0x08002dd8    0x10  main.o [1]
  .rodata             const    0x08002de8    0x10  main.o [1]
  .rodata             const    0x08002df8    0x10  main.o [1]
  .rodata             const    0x08002e08    0x10  main.o [1]
  .rodata             const    0x08002e18    0x10  RTX_Conf_CM.o [1]
  .rodata             const    0x08002e28    0x10  stm32f4_discovery.o [1]
  .text               ro code  0x08002e38    0x10  startup_stm32f4xx.o [1]
  .rodata             const    0x08002e48     0xc  main.o [1]
  .text               ro code  0x08002e54     0xc  cstartup_M.o [6]
  .rodata             const    0x08002e60     0x8  main.o [1]
  .rodata             const    0x08002e68     0x8  main.o [1]
  .rodata             const    0x08002e70     0x8  main.o [1]
  .rodata             const    0x08002e78     0x8  main.o [1]
  .rodata             const    0x08002e80     0x8  main.o [1]
  .rodata             const    0x08002e88     0x8  RTX_Conf_CM.o [1]
  .rodata             const    0x08002e90     0x8  stm32f4_discovery.o [1]
  .rodata             const    0x08002e98     0x4  main.o [1]
  .rodata             const    0x08002e9c     0x4  main.o [1]
  .rodata             const    0x08002ea0     0x4  main.o [1]
  .rodata             const    0x08002ea4     0x4  main.o [1]
  .rodata             const    0x08002ea8     0x4  main.o [1]
  .rodata             const    0x08002eac     0x4  main.o [1]
  .rodata             const    0x08002eb0     0x4  RTX_Conf_CM.o [1]
  .rodata             const    0x08002eb4     0x4  RTX_Conf_CM.o [1]
  .rodata             const    0x08002eb8     0x4  RTX_Conf_CM.o [1]
  .rodata             const    0x08002ebc     0x4  RTX_Conf_CM.o [1]
  .rodata             const    0x08002ec0     0x4  RTX_Conf_CM.o [1]
  .rodata             const    0x08002ec4     0x4  RTX_Conf_CM.o [1]
  .rodata             const    0x08002ec8     0x4  RTX_Conf_CM.o [1]
  .text               ro code  0x08002ecc     0x4  startup_stm32f4xx.o [1]
  .text               ro code  0x08002ed0     0x4  startup_stm32f4xx.o [1]
  .text               ro code  0x08002ed4     0x4  startup_stm32f4xx.o [1]
  .text               ro code  0x08002ed8     0x4  startup_stm32f4xx.o [1]
  .text               ro code  0x08002edc     0x4  startup_stm32f4xx.o [1]
  .text               ro code  0x08002ee0     0x4  startup_stm32f4xx.o [1]
  .text               ro code  0x08002ee4     0x4  startup_stm32f4xx.o [1]
  .text               ro code  0x08002ee8     0x4  startup_stm32f4xx.o [1]
  .text               ro code  0x08002eec     0x4  startup_stm32f4xx.o [1]
  .text               ro code  0x08002ef0     0x4  startup_stm32f4xx.o [1]
  .text               ro code  0x08002ef4     0x4  startup_stm32f4xx.o [1]
  .text               ro code  0x08002ef8     0x4  startup_stm32f4xx.o [1]
  .text               ro code  0x08002efc     0x4  startup_stm32f4xx.o [1]
  .text               ro code  0x08002f00     0x4  startup_stm32f4xx.o [1]
  .text               ro code  0x08002f04     0x4  startup_stm32f4xx.o [1]
  .text               ro code  0x08002f08     0x4  startup_stm32f4xx.o [1]
  .text               ro code  0x08002f0c     0x4  startup_stm32f4xx.o [1]
  .text               ro code  0x08002f10     0x4  startup_stm32f4xx.o [1]
  .text               ro code  0x08002f14     0x4  startup_stm32f4xx.o [1]
  .text               ro code  0x08002f18     0x4  startup_stm32f4xx.o [1]
  .text               ro code  0x08002f1c     0x4  startup_stm32f4xx.o [1]
  .text               ro code  0x08002f20     0x4  startup_stm32f4xx.o [1]
  .text               ro code  0x08002f24     0x4  startup_stm32f4xx.o [1]
  .text               ro code  0x08002f28     0x4  startup_stm32f4xx.o [1]
  .text               ro code  0x08002f2c     0x4  startup_stm32f4xx.o [1]
  .text               ro code  0x08002f30     0x4  startup_stm32f4xx.o [1]
  .text               ro code  0x08002f34     0x4  startup_stm32f4xx.o [1]
  .text               ro code  0x08002f38     0x4  startup_stm32f4xx.o [1]
  .text               ro code  0x08002f3c     0x4  startup_stm32f4xx.o [1]
  .text               ro code  0x08002f40     0x4  startup_stm32f4xx.o [1]
  .text               ro code  0x08002f44     0x4  startup_stm32f4xx.o [1]
  .text               ro code  0x08002f48     0x4  startup_stm32f4xx.o [1]
  .text               ro code  0x08002f4c     0x4  startup_stm32f4xx.o [1]
  .text               ro code  0x08002f50     0x4  startup_stm32f4xx.o [1]
  .text               ro code  0x08002f54     0x4  startup_stm32f4xx.o [1]
  .text               ro code  0x08002f58     0x4  startup_stm32f4xx.o [1]
  .text               ro code  0x08002f5c     0x4  startup_stm32f4xx.o [1]
  .text               ro code  0x08002f60     0x4  startup_stm32f4xx.o [1]
  .text               ro code  0x08002f64     0x4  startup_stm32f4xx.o [1]
  .text               ro code  0x08002f68     0x4  startup_stm32f4xx.o [1]
  .text               ro code  0x08002f6c     0x4  startup_stm32f4xx.o [1]
  .text               ro code  0x08002f70     0x4  startup_stm32f4xx.o [1]
  .text               ro code  0x08002f74     0x4  startup_stm32f4xx.o [1]
  .text               ro code  0x08002f78     0x4  startup_stm32f4xx.o [1]
  .text               ro code  0x08002f7c     0x4  startup_stm32f4xx.o [1]
  .text               ro code  0x08002f80     0x4  startup_stm32f4xx.o [1]
  .text               ro code  0x08002f84     0x4  startup_stm32f4xx.o [1]
  .text               ro code  0x08002f88     0x4  startup_stm32f4xx.o [1]
  .text               ro code  0x08002f8c     0x4  startup_stm32f4xx.o [1]
  .text               ro code  0x08002f90     0x4  startup_stm32f4xx.o [1]
  .text               ro code  0x08002f94     0x4  startup_stm32f4xx.o [1]
  .text               ro code  0x08002f98     0x4  startup_stm32f4xx.o [1]
  .text               ro code  0x08002f9c     0x4  startup_stm32f4xx.o [1]
  .text               ro code  0x08002fa0     0x4  startup_stm32f4xx.o [1]
  .text               ro code  0x08002fa4     0x4  startup_stm32f4xx.o [1]
  .text               ro code  0x08002fa8     0x4  startup_stm32f4xx.o [1]
  .text               ro code  0x08002fac     0x4  startup_stm32f4xx.o [1]
  .text               ro code  0x08002fb0     0x4  startup_stm32f4xx.o [1]
  .text               ro code  0x08002fb4     0x4  startup_stm32f4xx.o [1]
  .text               ro code  0x08002fb8     0x4  startup_stm32f4xx.o [1]
  .text               ro code  0x08002fbc     0x4  startup_stm32f4xx.o [1]
  .text               ro code  0x08002fc0     0x4  startup_stm32f4xx.o [1]
  .text               ro code  0x08002fc4     0x4  startup_stm32f4xx.o [1]
  .text               ro code  0x08002fc8     0x4  startup_stm32f4xx.o [1]
  .text               ro code  0x08002fcc     0x4  startup_stm32f4xx.o [1]
  .text               ro code  0x08002fd0     0x4  startup_stm32f4xx.o [1]
  .text               ro code  0x08002fd4     0x4  startup_stm32f4xx.o [1]
  .text               ro code  0x08002fd8     0x4  startup_stm32f4xx.o [1]
  .text               ro code  0x08002fdc     0x4  startup_stm32f4xx.o [1]
  .text               ro code  0x08002fe0     0x4  startup_stm32f4xx.o [1]
  .text               ro code  0x08002fe4     0x4  startup_stm32f4xx.o [1]
  .text               ro code  0x08002fe8     0x4  startup_stm32f4xx.o [1]
  .text               ro code  0x08002fec     0x4  startup_stm32f4xx.o [1]
  .text               ro code  0x08002ff0     0x4  startup_stm32f4xx.o [1]
  .text               ro code  0x08002ff4     0x4  startup_stm32f4xx.o [1]
  .text               ro code  0x08002ff8     0x4  startup_stm32f4xx.o [1]
  .text               ro code  0x08002ffc     0x4  startup_stm32f4xx.o [1]
  .text               ro code  0x08003000     0x4  startup_stm32f4xx.o [1]
  .text               ro code  0x08003004     0x4  startup_stm32f4xx.o [1]
  .text               ro code  0x08003008     0x4  startup_stm32f4xx.o [1]
  .text               ro code  0x0800300c     0x4  startup_stm32f4xx.o [1]
  .text               const    0x08003010     0x4  SVC_Table.o [3]
  .rodata             const    0x08003014     0x0  zero_init3.o [6]
  .rodata             const    0x08003014     0x0  copy_init3.o [6]
  Initializer bytes   const    0x08003014    0x34  <for P2 s0>
                             - 0x08003048  0x2ec0

"P2":                                      0x5b78
  P2 s0                        0x20000000    0x34  <Init block>
    .data             inited   0x20000000    0x10  RTX_Conf_CM.o [1]
    .data             inited   0x20000010    0x10  stm32f4_discovery.o [1]
    .data             inited   0x20000020    0x10  stm32f4xx_rcc.o [1]
    __DLIB_PERTHREAD  inited   0x20000030     0x4  errno.o [4]
  .bss                zero     0x20000038  0x12d0  RTX_Conf_CM.o [1]
  .bss                zero     0x20001308   0x408  RTX_Conf_CM.o [1]
  .bss                zero     0x20001710   0x15c  RTX_Conf_CM.o [1]
  .bss                zero     0x2000186c    0x84  RTX_Conf_CM.o [1]
  .bss                zero     0x200018f0    0x6c  main.o [1]
  .bss                zero     0x2000195c    0x38  rt_Task.o [3]
  .bss                zero     0x20001994    0x30  main.o [1]
  .bss                zero     0x200019c4    0x30  main.o [1]
  .bss                zero     0x200019f4    0x30  main.o [1]
  .bss                zero     0x20001a24    0x30  main.o [1]
  .bss                zero     0x20001a54    0x30  main.o [1]
  .bss                zero     0x20001a84    0x30  rt_List.o [3]
  .bss                zero     0x20001ab4    0x20  RTX_Conf_CM.o [1]
  .bss                zero     0x20001ad4    0x1c  RTX_Conf_CM.o [1]
  .bss                zero     0x20001af0     0xc  main.o [1]
  .bss                zero     0x20001afc     0x8  main.o [1]
  .bss                zero     0x20001b04     0x8  main.o [1]
  .bss                zero     0x20001b0c     0x8  main.o [1]
  .bss                zero     0x20001b14     0x8  rt_System.o [3]
  .bss                zero     0x20001b1c     0x8  rt_Robin.o [3]
  .bss                zero     0x20001b24     0x8  xxmemxmalloc.o [4]
  .bss                zero     0x20001b2c     0x4  main.o [1]
  .bss                zero     0x20001b30     0x4  main.o [1]
  .bss                zero     0x20001b34     0x4  main.o [1]
  .bss                zero     0x20001b38     0x4  main.o [1]
  .bss                zero     0x20001b3c     0x4  main.o [1]
  .bss                zero     0x20001b40     0x4  main.o [1]
  .bss                zero     0x20001b44     0x4  main.o [1]
  .bss                zero     0x20001b48     0x4  main.o [1]
  .bss                zero     0x20001b4c     0x4  main.o [1]
  .bss                zero     0x20001b50     0x4  main.o [1]
  .bss                zero     0x20001b54     0x4  main.o [1]
  .bss                zero     0x20001b58     0x4  RTX_Conf_CM.o [1]
  .bss                zero     0x20001b5c     0x4  RTX_Conf_CM.o [1]
  .bss                zero     0x20001b60     0x4  RTX_Conf_CM.o [1]
  .bss                zero     0x20001b64     0x4  rt_CMSIS.o [3]
  .bss                zero     0x20001b68     0x4  rt_Time.o [3]
  .bss                zero     0x20001b6c     0x4  xgetmemchunk.o [4]
  .bss                zero     0x20001b70     0x2  stm32f4xx_it.o [1]
  .bss                zero     0x20001b72     0x1  main.o [1]
  .bss                zero     0x20001b73     0x1  rt_CMSIS.o [3]
  .bss                zero     0x20001b74     0x1  rt_CMSIS.o [3]
  .bss                zero     0x20001b75     0x1  HAL_CM.o [3]
  CSTACK                       0x20001b78  0x2000  <Block>
    CSTACK            uninit   0x20001b78  0x2000  <Block tail>
  HEAP                         0x20003b78  0x2000  <Block>
    HEAP              uninit   0x20003b78  0x2000  <Block tail>
                             - 0x20005b78  0x5b78


*******************************************************************************
*** INIT TABLE
***

          Address     Size
          -------     ----
Zero (__iar_zero_init3)
    1 destination range, total size 0x1b3e:
          0x20000038  0x1b3e

Copy (__iar_copy_init3)
    1 source range, total size 0x34:
          0x08003014    0x34
    1 destination range, total size 0x34:
          0x20000000    0x34



*******************************************************************************
*** MODULE SUMMARY
***

    Module               ro code  ro data  rw data
    ------               -------  -------  -------
C:\Users\Nbeleski\Desktop\cmsis_rtx\Debug\Obj: [1]
    RTX_Conf_CM.o             44       76    6 416
    main.o                 2 942      156      429
    misc.o                   124
    startup_stm32f4xx.o      732
    stm32f4_discovery.o       80       40       16
    stm32f4xx_gpio.o         244
    stm32f4xx_it.o           336                 2
    stm32f4xx_rcc.o          316       16       16
    stm32f4xx_usart.o        478
    system_stm32f4xx.o       336
    usart.o                  198
    ----------------------------------------------
    Total:                 5 830      288    6 879

command line: [2]
    ----------------------------------------------
    Total:

RTX_CM4.a: [3]
    HAL_CM.o                 216                 1
    HAL_CM4.o                380
    SVC_Table.o                         4
    rt_CMSIS.o             1 592                 6
    rt_Event.o                88
    rt_List.o                500                48
    rt_Mailbox.o             640
    rt_MemBox.o              144
    rt_Memory.o              136
    rt_Robin.o                92                 8
    rt_Semaphore.o            52
    rt_System.o              284                 8
    rt_Task.o                932                56
    rt_Time.o                  6                 4
    ----------------------------------------------
    Total:                 5 062        4      131

dl7M_tln.a: [4]
    atoi.o                     8
    errno.o                   12        4        4
    exit.o                     4
    low_level_init.o           4
    xgetmemchunk.o            44                 4
    xstoul.o                 412
    xtls.o                     2
    xxmemxfree.o             128
    xxmemxmalloc.o           176                 8
    ----------------------------------------------
    Total:                   790        4       16

m7M_tls.a: [5]
    fpinit_M.o                34
    ----------------------------------------------
    Total:                    34

rt7M_tl.a: [6]
    ABImemclr4.o               6
    ABImemset48.o             50
    cexit.o                   10
    copy_init3.o              44
    cstartup_M.o              12
    data_init.o               40
    memchr.o                  88
    zero_init3.o              34
    ----------------------------------------------
    Total:                   284

shb_l.a: [7]
    exit.o                    20
    ----------------------------------------------
    Total:                    20

    Gaps                       6        2        4
    Linker created                     36   16 384
--------------------------------------------------
    Grand Total:          12 026      334   23 414


*******************************************************************************
*** ENTRY LIST
***

Entry                      Address    Size  Type      Object
-----                      -------    ----  ----      ------
.iar.init_table$$Base   0x08002da4           --   Gb  - Linker created -
.iar.init_table$$Limit  0x08002dc8           --   Gb  - Linker created -
APBAHBPrescTable        0x20000020    0x10  Data  Lc  stm32f4xx_rcc.o [1]
BusFault_Handler        0x08002abb     0x2  Code  Gb  stm32f4xx_it.o [1]
CSTACK$$Base            0x20001b78           --   Gb  - Linker created -
CSTACK$$Limit           0x20003b78           --   Gb  - Linker created -
DebugMon_Handler        0x08002abf     0x2  Code  Gb  stm32f4xx_it.o [1]
GPIO_CLK                0x08002e28    0x10  Data  Gb  stm32f4_discovery.o [1]
GPIO_Init               0x08001ff9    0xa4  Code  Gb  stm32f4xx_gpio.o [1]
GPIO_PIN                0x08002e90     0x8  Data  Gb  stm32f4_discovery.o [1]
GPIO_PORT               0x20000010    0x10  Data  Gb  stm32f4_discovery.o [1]
GPIO_PinAFConfig        0x0800209d    0x50  Code  Gb  stm32f4xx_gpio.o [1]
HEAP$$Base              0x20003b78           --   Gb  - Linker created -
HEAP$$Limit             0x20005b78           --   Gb  - Linker created -
HardFault_Handler       0x08002ab7     0x2  Code  Gb  stm32f4xx_it.o [1]
MemManage_Handler       0x08002ab9     0x2  Code  Gb  stm32f4xx_it.o [1]
NMI_Handler             0x08002ab5     0x2  Code  Gb  stm32f4xx_it.o [1]
NVIC_Init               0x080022cd    0x6a  Code  Gb  misc.o [1]
OS_Tick_Handler         0x0800276d          Code  Gb  HAL_CM4.o [3]
PendSV_Handler          0x08002705          Code  Gb  HAL_CM4.o [3]
RCC_AHB1PeriphClockCmd  0x0800163f    0x20  Code  Gb  stm32f4xx_rcc.o [1]
RCC_APB2PeriphClockCmd  0x0800165f    0x20  Code  Gb  stm32f4xx_rcc.o [1]
RCC_GetClocksFreq       0x08001561    0xde  Code  Gb  stm32f4xx_rcc.o [1]
Region$$Table$$Base     0x08002da4           --   Gb  - Linker created -
Region$$Table$$Limit    0x08002dc8           --   Gb  - Linker created -
STM_EVAL_LEDInit        0x0800169d    0x44  Code  Gb  stm32f4_discovery.o [1]
SVC_Count               0x08003010          Data  Gb  SVC_Table.o [3]
SVC_Handler             0x08002671          Code  Gb  HAL_CM4.o [3]
SVC_Table               0x08003014          Data  Gb  SVC_Table.o [3]
SetSysClock             0x08002c57    0xce  Code  Lc  system_stm32f4xx.o [1]
SysTick_Handler         0x08002765          Code  Gb  HAL_CM4.o [3]
SystemInit              0x08002c05    0x52  Code  Gb  system_stm32f4xx.o [1]
USART1_IRQHandler       0x08002ac1   0x12a  Code  Gb  stm32f4xx_it.o [1]
USART_ClearITPendingBit
                        0x080022ad    0x1e  Code  Gb  stm32f4xx_usart.o [1]
USART_Cmd               0x080021b1    0x1c  Code  Gb  stm32f4xx_usart.o [1]
USART_GetFlagStatus     0x0800222f    0x1a  Code  Gb  stm32f4xx_usart.o [1]
USART_GetITStatus       0x08002249    0x64  Code  Gb  stm32f4xx_usart.o [1]
USART_ITConfig          0x080021dd    0x52  Code  Gb  stm32f4xx_usart.o [1]
USART_Init              0x080020ed    0xb6  Code  Gb  stm32f4xx_usart.o [1]
USART_ReceiveData       0x080021d5     0x8  Code  Gb  stm32f4xx_usart.o [1]
USART_SendData          0x080021cd     0x8  Code  Gb  stm32f4xx_usart.o [1]
UsageFault_Handler      0x08002abd     0x2  Code  Gb  stm32f4xx_it.o [1]
__aeabi_errno_addr      0x0800298d     0x6  Code  Gb  errno.o [4]
__aeabi_memclr4         0x08002999          Code  Gb  ABImemclr4.o [6]
__cmain                 0x0800290d    0x22  Code  Gb  RTX_Conf_CM.o [1]
__data_Aldata           0x20001b24     0x8  Data  Gb  xxmemxmalloc.o [4]
__data_GetMemChunk      0x08001e31    0x2c  Code  Gb  xgetmemchunk.o [4]
__exit                  0x08002aa1    0x14  Code  Gb  exit.o [7]
__iar_Errno             0x20000030     0x4  Data  Gb  errno.o [4]
__iar_Memchr            0x08002935          Code  Gb  memchr.o [6]
__iar_Memset4_word      0x08002a61          Code  Gb  ABImemset48.o [6]
__iar_Memset8_word      0x08002a61          Code  Gb  ABImemset48.o [6]
__iar_Stoul             0x08001fa5     0x4  Code  Gb  xstoul.o [4]
__iar_Stoulx            0x08001e5d   0x142  Code  Gb  xstoul.o [4]
__iar_copy_init3        0x08002d55    0x2c  Code  Gb  copy_init3.o [6]
__iar_data_init3        0x08002a31    0x28  Code  Gb  data_init.o [6]
__iar_dlib_perthread_access
                        0x08002a5d     0x2  Code  Gb  xtls.o [4]
__iar_init_vfp          0x08002d81          Code  Gb  fpinit_M.o [5]
__iar_program_start     0x08002e55          Code  Gb  cstartup_M.o [6]
__iar_zero_init3        0x08000d07    0x22  Code  Gb  zero_init3.o [6]
__low_level_init        0x08002a2d     0x4  Code  Gb  low_level_init.o [4]
__vector_table          0x08000000          Data  Gb  startup_stm32f4xx.o [1]
_alloc_box              0x08002639          Code  Gb  HAL_CM4.o [3]
_exit                   0x08002a95          Code  Gb  cexit.o [6]
_free_box               0x08002655          Code  Gb  HAL_CM4.o [3]
_init_box               0x08001da1    0x48  Code  Gb  rt_MemBox.o [3]
atoi                    0x08001491     0x8  Code  Gb  atoi.o [4]
centerElevator          0x080007f9   0x240  Code  Gb  main.o [1]
controlUnit             0x08000189   0x166  Code  Gb  main.o [1]
dbg_init                0x080023bb    0x20  Code  Gb  HAL_CM.o [3]
dbg_msg                 0x20001b75     0x1  Data  Gb  HAL_CM.o [3]
dbg_task_notify         0x080023db    0x1c  Code  Gb  HAL_CM.o [3]
dbg_task_switch         0x080023f7     0xc  Code  Gb  HAL_CM.o [3]
digits                  0x08001fa8    0x28  Data  Lc  xstoul.o [4]
elevatorStatusCenter    0x20001b04     0x8  Data  Gb  main.o [1]
elevatorStatusLeft      0x20001afc     0x8  Data  Gb  main.o [1]
elevatorStatusRight     0x20001b0c     0x8  Data  Gb  main.o [1]
evaluation              0x08000c91    0x76  Code  Gb  main.o [1]
exit                    0x08002a59     0x4  Code  Gb  exit.o [4]
free                    0x08001361    0x7a  Code  Gb  xxmemxfree.o [4]
initUSART               0x08001499    0xac  Code  Gb  usart.o [1]
isr_mbx_receive         0x08001c7d    0x48  Code  Gb  rt_Mailbox.o [3]
isr_mbx_send            0x08001c6f     0xe  Code  Gb  rt_Mailbox.o [3]
leftElevator            0x080002ef   0x270  Code  Gb  main.o [1]
m_tmr                   0x20001b60     0x4  Data  Gb  RTX_Conf_CM.o [1]
main                    0x08000a85   0x154  Code  Gb  main.o [1]
malloc                  0x080013e1    0xac  Code  Gb  xxmemxmalloc.o [4]
memchr                  0x08002935          Code  Gb  memchr.o [6]
mp_stk                  0x20000038  0x12d0  Data  Gb  RTX_Conf_CM.o [1]
mp_stk_size             0x08002ec4     0x4  Data  Gb  RTX_Conf_CM.o [1]
mp_tcb                  0x20001710   0x15c  Data  Gb  RTX_Conf_CM.o [1]
mp_tcb_size             0x08001b1e     0x2  Data  Gb  RTX_Conf_CM.o [1]
mp_tmr_size             0x080022ca     0x2  Data  Gb  RTX_Conf_CM.o [1]
mpool_rxMessages        0x20001b54     0x4  Data  Gb  main.o [1]
mqid_msgBoxCenterElevator
                        0x20001b48     0x4  Data  Gb  main.o [1]
mqid_msgBoxLeftElevator
                        0x20001b44     0x4  Data  Gb  main.o [1]
mqid_msgBoxRightElevator
                        0x20001b4c     0x4  Data  Gb  main.o [1]
mqid_msgOutputSerial    0x20001b50     0x4  Data  Gb  main.o [1]
mqid_rxMessages         0x20001b40     0x4  Data  Gb  main.o [1]
msgSize                 0x20001b72     0x1  Data  Gb  main.o [1]
ndigs                   0x08001fd0    0x28  Data  Lc  xstoul.o [4]
osDelay                 0x08000fa9    0x16  Code  Gb  rt_CMSIS.o [3]
osKernelInitialize      0x08000dfd    0x26  Code  Gb  rt_CMSIS.o [3]
osKernelStart           0x08000e25    0x70  Code  Gb  rt_CMSIS.o [3]
osMessageCreate         0x08001239    0x2c  Code  Gb  rt_CMSIS.o [3]
osMessageGet            0x080012c9    0x54  Code  Gb  rt_CMSIS.o [3]
osMessagePut            0x08001279    0x3e  Code  Gb  rt_CMSIS.o [3]
osMessageQId_osTimerMessageQ
                        0x20001b5c     0x4  Data  Gb  RTX_Conf_CM.o [1]
osPoolAlloc             0x08001131    0x24  Code  Gb  rt_CMSIS.o [3]
osPoolCreate            0x08001101    0x2e  Code  Gb  rt_CMSIS.o [3]
osPoolFree              0x08001155    0x28  Code  Gb  rt_CMSIS.o [3]
osThreadCreate          0x08000f51    0x30  Code  Gb  rt_CMSIS.o [3]
osThreadExit            0x08000f81    0x14  Code  Gb  rt_CMSIS.o [3]
osThreadId_osTimerThread
                        0x20001b58     0x4  Data  Gb  RTX_Conf_CM.o [1]
osTimerCall             0x08001055    0x14  Code  Gb  rt_CMSIS.o [3]
osTimerThread           0x08001069    0x30  Code  Gb  rt_CMSIS.o [3]
os_active_TCB           0x20001ad4    0x1c  Data  Gb  RTX_Conf_CM.o [1]
os_clockrate            0x08002ebc     0x4  Data  Gb  RTX_Conf_CM.o [1]
os_dly                  0x20001a84    0x18  Data  Gb  rt_List.o [3]
os_error                0x0800290b     0x2  Code  Gb  RTX_Conf_CM.o [1]
os_fifo                 0x2000186c    0x84  Data  Gb  RTX_Conf_CM.o [1]
os_fifo_size            0x0800299f     0x1  Data  Gb  RTX_Conf_CM.o [1]
os_flags                0x0800299e     0x1  Data  Gb  RTX_Conf_CM.o [1]
os_idle_TCB             0x2000195c    0x30  Data  Gb  rt_Task.o [3]
os_idle_demon           0x08002909     0x2  Code  Gb  RTX_Conf_CM.o [1]
os_initialized          0x20001b73     0x1  Data  Gb  rt_CMSIS.o [3]
os_lock                 0x20001b14     0x1  Data  Lc  rt_System.o [3]
os_maxtaskrun           0x0800155e     0x2  Data  Gb  RTX_Conf_CM.o [1]
os_messageQ_def_mqid_msgBoxCenterElevator
                        0x08002e70     0x8  Data  Gb  main.o [1]
os_messageQ_def_mqid_msgBoxLeftElevator
                        0x08002e68     0x8  Data  Gb  main.o [1]
os_messageQ_def_mqid_msgBoxRightElevator
                        0x08002e78     0x8  Data  Gb  main.o [1]
os_messageQ_def_mqid_msgOutputSerial
                        0x08002e80     0x8  Data  Gb  main.o [1]
os_messageQ_def_mqid_rxMessages
                        0x08002e60     0x8  Data  Gb  main.o [1]
os_messageQ_def_osTimerMessageQ
                        0x08002e88     0x8  Data  Gb  RTX_Conf_CM.o [1]
os_messageQ_q_mqid_msgBoxCenterElevator
                        0x200019f4    0x30  Data  Gb  main.o [1]
os_messageQ_q_mqid_msgBoxLeftElevator
                        0x200019c4    0x30  Data  Gb  main.o [1]
os_messageQ_q_mqid_msgBoxRightElevator
                        0x20001a24    0x30  Data  Gb  main.o [1]
os_messageQ_q_mqid_msgOutputSerial
                        0x20001a54    0x30  Data  Gb  main.o [1]
os_messageQ_q_mqid_rxMessages
                        0x20001994    0x30  Data  Gb  main.o [1]
os_messageQ_q_osTimerMessageQ
                        0x20001ab4    0x20  Data  Gb  RTX_Conf_CM.o [1]
os_pool_def_mpool_rxMessages
                        0x08002e48     0xc  Data  Gb  main.o [1]
os_pool_m_mpool_rxMessages
                        0x200018f0    0x6c  Data  Gb  main.o [1]
os_psh_flag             0x20001b15     0x1  Data  Lc  rt_System.o [3]
os_rdy                  0x20001a9c    0x18  Data  Gb  rt_List.o [3]
os_robin                0x20001b1c     0x8  Data  Gb  rt_Robin.o [3]
os_rrobin               0x08002eb4     0x4  Data  Gb  RTX_Conf_CM.o [1]
os_running              0x20001b74     0x1  Data  Gb  rt_CMSIS.o [3]
os_set_env              0x08002621          Code  Gb  HAL_CM4.o [3]
os_stack_mem            0x20001308   0x408  Data  Gb  RTX_Conf_CM.o [1]
os_stack_sz             0x08002ec8     0x4  Data  Gb  RTX_Conf_CM.o [1]
os_stackinfo            0x08002eb0     0x4  Data  Gb  RTX_Conf_CM.o [1]
os_thread_def_centerElevator
                        0x08002de8    0x10  Data  Gb  main.o [1]
os_thread_def_controlUnit
                        0x08002dc8    0x10  Data  Gb  main.o [1]
os_thread_def_leftElevator
                        0x08002dd8    0x10  Data  Gb  main.o [1]
os_thread_def_main      0x20000000    0x10  Data  Gb  RTX_Conf_CM.o [1]
os_thread_def_osTimerThread
                        0x08002e18    0x10  Data  Gb  RTX_Conf_CM.o [1]
os_thread_def_outputSerial
                        0x08002e08    0x10  Data  Gb  main.o [1]
os_thread_def_rightElevator
                        0x08002df8    0x10  Data  Gb  main.o [1]
os_tick_init            0x08002813    0x20  Code  Wk  rt_System.o [3]
os_tick_irqack          0x08002833     0x2  Code  Wk  rt_System.o [3]
os_tick_irqn            0x20001b18     0x4  Data  Gb  rt_System.o [3]
os_time                 0x20001b68     0x4  Data  Gb  rt_Time.o [3]
os_timer_head           0x20001b64     0x4  Data  Gb  rt_CMSIS.o [3]
os_timernum             0x08002ec0     0x4  Data  Gb  RTX_Conf_CM.o [1]
os_trv                  0x08002eb8     0x4  Data  Gb  RTX_Conf_CM.o [1]
os_tsk                  0x2000198c     0x8  Data  Gb  rt_Task.o [3]
outputSerial            0x08000a39    0x3c  Code  Gb  main.o [1]
pend_flags              0x20001b16     0x1  Data  Lc  rt_System.o [3]
recvMessage             0x20001af0     0xc  Data  Gb  main.o [1]
rightElevator           0x08000575   0x270  Code  Gb  main.o [1]
rt_alloc_box            0x08001de9    0x1e  Code  Gb  rt_MemBox.o [3]
rt_alloc_mem            0x08001707    0x42  Code  Gb  rt_Memory.o [3]
rt_block                0x080017cb    0x26  Code  Gb  rt_Task.o [3]
rt_chk_robin            0x080028bb    0x3c  Code  Wk  rt_Robin.o [3]
rt_dec_dly              0x0800250f    0x68  Code  Gb  rt_List.o [3]
rt_dispatch             0x08001797    0x34  Code  Gb  rt_Task.o [3]
rt_dly_wait             0x08001b19     0x6  Code  Gb  rt_Time.o [3]
rt_evt_psh              0x080029a1    0x50  Code  Gb  rt_Event.o [3]
rt_free_box             0x08001e09    0x28  Code  Gb  rt_MemBox.o [3]
rt_free_mem             0x08001749    0x2c  Code  Gb  rt_Memory.o [3]
rt_get_PSP              0x0800261b          Code  Gb  HAL_CM4.o [3]
rt_get_first            0x08002459    0x2a  Code  Gb  rt_List.o [3]
rt_init_mem             0x080016ed    0x1a  Code  Gb  rt_Memory.o [3]
rt_init_robin           0x080028ad     0xe  Code  Wk  rt_Robin.o [3]
rt_init_stack           0x08002349    0x44  Code  Gb  HAL_CM.o [3]
rt_mbx_check            0x08001c67     0x8  Code  Gb  rt_Mailbox.o [3]
rt_mbx_init             0x08001b21    0x1a  Code  Gb  rt_Mailbox.o [3]
rt_mbx_psh              0x08001cc5    0xd4  Code  Gb  rt_Mailbox.o [3]
rt_mbx_send             0x08001b3d    0x80  Code  Gb  rt_Mailbox.o [3]
rt_mbx_wait             0x08001bbd    0x9a  Code  Gb  rt_Mailbox.o [3]
rt_ms2tick              0x08000d29    0x36  Code  Lc  rt_CMSIS.o [3]
rt_pop_req              0x080027a9    0x6a  Code  Gb  rt_System.o [3]
rt_psh_req              0x08002791    0x16  Code  Gb  rt_System.o [3]
rt_psq_enq              0x080025c5    0x40  Code  Gb  rt_List.o [3]
rt_put_dly              0x080024c1    0x4e  Code  Gb  rt_List.o [3]
rt_put_prio             0x08002421    0x38  Code  Gb  rt_List.o [3]
rt_put_rdy_first        0x08002483     0xe  Code  Gb  rt_List.o [3]
rt_resort_prio          0x08002491    0x30  Code  Gb  rt_List.o [3]
rt_ret_val              0x0800238d    0x16  Code  Gb  HAL_CM.o [3]
rt_ret_val2             0x080023a3    0x18  Code  Gb  HAL_CM.o [3]
rt_rmv_dly              0x0800259d    0x26  Code  Gb  rt_List.o [3]
rt_rmv_list             0x08002577    0x26  Code  Gb  rt_List.o [3]
rt_sem_psh              0x080029f9    0x30  Code  Gb  rt_Semaphore.o [3]
rt_set_PSP              0x08002615          Code  Gb  HAL_CM4.o [3]
rt_stk_check            0x08002867    0x1c  Code  Wk  rt_System.o [3]
rt_switch_req           0x08001775    0x22  Code  Gb  rt_Task.o [3]
rt_sys_init             0x080019b9    0xe4  Code  Gb  rt_Task.o [3]
rt_sys_start            0x08001a9d    0x2a  Code  Gb  rt_Task.o [3]
rt_systick              0x08002835    0x32  Code  Gb  rt_System.o [3]
rt_tid2ptcb             0x08000d5f    0x10  Code  Lc  rt_CMSIS.o [3]
rt_tsk_create           0x0800186b    0xa0  Code  Gb  rt_Task.o [3]
rt_tsk_delete           0x0800190b    0xae  Code  Gb  rt_Task.o [3]
rt_tsk_prio             0x08001809    0x62  Code  Gb  rt_Task.o [3]
rt_tsk_self             0x080017ff     0xa  Code  Gb  rt_Task.o [3]
sendData                0x0800154d    0x12  Code  Gb  usart.o [1]
svcDelay                0x08000f95    0x14  Code  Gb  rt_CMSIS.o [3]
svcKernelInitialize     0x08000d6f    0x5e  Code  Gb  rt_CMSIS.o [3]
svcKernelStart          0x08000dcd    0x2e  Code  Gb  rt_CMSIS.o [3]
svcMessageCreate        0x08001199    0x26  Code  Gb  rt_CMSIS.o [3]
svcMessageGet           0x080011f5    0x38  Code  Gb  rt_CMSIS.o [3]
svcMessageGet_          0x08001181    0x18  Code  Gb  rt_CMSIS.o [3]
svcMessagePut           0x080011bf    0x36  Code  Gb  rt_CMSIS.o [3]
svcPoolCreate           0x08001099    0x2e  Code  Gb  rt_CMSIS.o [3]
svcThreadCreate         0x08000e95    0x70  Code  Gb  rt_CMSIS.o [3]
svcThreadGetId          0x08000f05    0x16  Code  Gb  rt_CMSIS.o [3]
svcThreadTerminate      0x08000f1b    0x34  Code  Gb  rt_CMSIS.o [3]
svcTimerCall            0x08000fbf    0x18  Code  Gb  rt_CMSIS.o [3]
sysPoolAlloc            0x080010c7    0x26  Code  Gb  rt_CMSIS.o [3]
sysPoolFree             0x080010ed    0x12  Code  Gb  rt_CMSIS.o [3]
sysTimerTick            0x08000fd7    0x7c  Code  Gb  rt_CMSIS.o [3]
tid_centerElevator      0x20001b34     0x4  Data  Gb  main.o [1]
tid_controlUnit         0x20001b2c     0x4  Data  Gb  main.o [1]
tid_leftElevator        0x20001b30     0x4  Data  Gb  main.o [1]
tid_outputSerial        0x20001b3c     0x4  Data  Gb  main.o [1]
tid_rightElevator       0x20001b38     0x4  Data  Gb  main.o [1]
write2USART             0x08000bdd    0x32  Code  Gb  main.o [1]


[1] = C:\Users\Nbeleski\Desktop\cmsis_rtx\Debug\Obj
[2] = command line
[3] = RTX_CM4.a
[4] = dl7M_tln.a
[5] = m7M_tls.a
[6] = rt7M_tl.a
[7] = shb_l.a

  12 026 bytes of readonly  code memory
     334 bytes of readonly  data memory
  23 414 bytes of readwrite data memory

Errors: none
Warnings: none
